// Jest Snapshot v1, https://goo.gl/fbAQLP

exports[`Designer component should match previous snapshot 1`] = `
<div>
  <div
    class="sc-bczRLJ fOzJiW"
    data-testid="designer-test"
  >
    <div
      class="sc-bczRLJ sc-gsnTZi fOzJiW bIYcIQ"
      data-testid="draggable-option"
      draggable="true"
    >
      <p>
        retriever
      </p>
      <svg
        height="1em"
        viewBox="0 0 32 32"
        width="1em"
        xml:space="preserve"
        xmlns="http://www.w3.org/2000/svg"
      >
        <path
          d="M10 6h4v4h-4zM18 6h4v4h-4zM10 14h4v4h-4zM18 14h4v4h-4zM10 22h4v4h-4zM18 22h4v4h-4z"
          style="fill: currentColor;"
        />
        <path
          d="M0 0h32v32H0z"
          style="fill: none;"
        />
      </svg>
    </div>
    <div
      class="sc-bczRLJ sc-gsnTZi fOzJiW bIYcIQ"
      data-testid="draggable-option"
      draggable="true"
    >
      <p>
        reader
      </p>
      <svg
        height="1em"
        viewBox="0 0 32 32"
        width="1em"
        xml:space="preserve"
        xmlns="http://www.w3.org/2000/svg"
      >
        <path
          d="M10 6h4v4h-4zM18 6h4v4h-4zM10 14h4v4h-4zM18 14h4v4h-4zM10 22h4v4h-4zM18 22h4v4h-4z"
          style="fill: currentColor;"
        />
        <path
          d="M0 0h32v32H0z"
          style="fill: none;"
        />
      </svg>
    </div>
  </div>
</div>
`;
